[    0.000000] Linux version 4.15.0-192-generic (buildd@lcy02-amd64-029) (gcc version 7.5.0 (Ubuntu 7.5.0-3ubuntu1~18.04)) #203-Ubuntu SMP Wed Aug 10 17:40:03 UTC 2022 (Ubuntu 4.15.0-192.203-generic 4.15.18)
[    0.000000] Command line: BOOT_IMAGE=/boot/vmlinuz-4.15.0-192-generic root=LABEL=cloudimg-rootfs ro console=tty1 console=ttyS0
[    0.000000] KERNEL supported cpus:
[    0.000000]   Intel GenuineIntel
[    0.000000]   AMD AuthenticAMD
[    0.000000]   Centaur CentaurHauls
[    0.000000] x86/fpu: Supporting XSAVE feature 0x001: 'x87 floating point registers'
[    0.000000] x86/fpu: Supporting XSAVE feature 0x002: 'SSE registers'
[    0.000000] x86/fpu: Supporting XSAVE feature 0x004: 'AVX registers'
[    0.000000] x86/fpu: xstate_offset[2]:  576, xstate_sizes[2]:  256
[    0.000000] x86/fpu: Enabled xstate features 0x7, context size is 832 bytes, using 'standard' format.
[    0.000000] e820: BIOS-provided physical RAM map:
[    0.000000] BIOS-e820: [mem 0x0000000000000000-0x000000000009fbff] usable
[    0.000000] BIOS-e820: [mem 0x000000000009fc00-0x000000000009ffff] reserved
[    0.000000] BIOS-e820: [mem 0x00000000000f0000-0x00000000000fffff] reserved
[    0.000000] BIOS-e820: [mem 0x0000000000100000-0x000000007ffeffff] usable
[    0.000000] BIOS-e820: [mem 0x000000007fff0000-0x000000007fffffff] ACPI data
[    0.000000] BIOS-e820: [mem 0x00000000fec00000-0x00000000fec00fff] reserved
[    0.000000] BIOS-e820: [mem 0x00000000fee00000-0x00000000fee00fff] reserved
[    0.000000] BIOS-e820: [mem 0x00000000fffc0000-0x00000000ffffffff] reserved
[    0.000000] NX (Execute Disable) protection: active
[    0.000000] SMBIOS 2.5 present.
[    0.000000] DMI: innotek GmbH VirtualBox/VirtualBox, BIOS VirtualBox 12/01/2006
[    0.000000] Hypervisor detected: KVM
[    0.000000] e820: last_pfn = 0x7fff0 max_arch_pfn = 0x400000000
[    0.000000] MTRR: Disabled
[    0.000000] x86/PAT: MTRRs disabled, skipping PAT initialization too.
[    0.000000] CPU MTRRs all blank - virtualized system.
[    0.000000] x86/PAT: Configuration [0-7]: WB  WT  UC- UC  WB  WT  UC- UC  
[    0.000000] found SMP MP-table at [mem 0x0009fff0-0x0009ffff]
[    0.000000] Scanning 1 areas for low memory corruption
[    0.000000] RAMDISK: [mem 0x359cb000-0x36cdcfff]
[    0.000000] ACPI: Early table checksum verification disabled
[    0.000000] ACPI: RSDP 0x00000000000E0000 000024 (v02 VBOX  )
[    0.000000] ACPI: XSDT 0x000000007FFF0030 00003C (v01 VBOX   VBOXXSDT 00000001 ASL  00000061)
[    0.000000] ACPI: FACP 0x000000007FFF00F0 0000F4 (v04 VBOX   VBOXFACP 00000001 ASL  00000061)
[    0.000000] ACPI: DSDT 0x000000007FFF0470 002327 (v02 VBOX   VBOXBIOS 00000002 INTL 20220331)
[    0.000000] ACPI: FACS 0x000000007FFF0200 000040
[    0.000000] ACPI: FACS 0x000000007FFF0200 000040
[    0.000000] ACPI: APIC 0x000000007FFF0240 00005C (v02 VBOX   VBOXAPIC 00000001 ASL  00000061)
[    0.000000] ACPI: SSDT 0x000000007FFF02A0 0001CC (v01 VBOX   VBOXCPUT 00000002 INTL 20220331)
[    0.000000] ACPI: Reserving FACP table memory at [mem 0x7fff00f0-0x7fff01e3]
[    0.000000] ACPI: Reserving DSDT table memory at [mem 0x7fff0470-0x7fff2796]
[    0.000000] ACPI: Reserving FACS table memory at [mem 0x7fff0200-0x7fff023f]
[    0.000000] ACPI: Reserving FACS table memory at [mem 0x7fff0200-0x7fff023f]
[    0.000000] ACPI: Reserving APIC table memory at [mem 0x7fff0240-0x7fff029b]
[    0.000000] ACPI: Reserving SSDT table memory at [mem 0x7fff02a0-0x7fff046b]
[    0.000000] No NUMA configuration found
[    0.000000] Faking a node at [mem 0x0000000000000000-0x000000007ffeffff]
[    0.000000] NODE_DATA(0) allocated [mem 0x7ffc5000-0x7ffeffff]
[    0.000000] kvm-clock: cpu 0, msr 0:7ff44001, primary cpu clock
[    0.000000] kvm-clock: Using msrs 4b564d01 and 4b564d00
[    0.000000] kvm-clock: using sched offset of 3781622294 cycles
[    0.000000] clocksource: kvm-clock: mask: 0xffffffffffffffff max_cycles: 0x1cd42e4dffb, max_idle_ns: 881590591483 ns
[    0.000000] Zone ranges:
[    0.000000]   DMA      [mem 0x0000000000001000-0x0000000000ffffff]
[    0.000000]   DMA32    [mem 0x0000000001000000-0x000000007ffeffff]
[    0.000000]   Normal   empty
[    0.000000]   Device   empty
[    0.000000] Movable zone start for each node
[    0.000000] Early memory node ranges
[    0.000000]   node   0: [mem 0x0000000000001000-0x000000000009efff]
[    0.000000]   node   0: [mem 0x0000000000100000-0x000000007ffeffff]
[    0.000000] Reserved but unavailable: 104 pages
[    0.000000] Initmem setup node 0 [mem 0x0000000000001000-0x000000007ffeffff]
[    0.000000] ACPI: PM-Timer IO Port: 0x4008
[    0.000000] IOAPIC[0]: apic_id 2, version 32, address 0xfec00000, GSI 0-23
[    0.000000] ACPI: INT_SRC_OVR (bus 0 bus_irq 0 global_irq 2 dfl dfl)
[    0.000000] ACPI: INT_SRC_OVR (bus 0 bus_irq 9 global_irq 9 low level)
[    0.000000] Using ACPI (MADT) for SMP configuration information
[    0.000000] smpboot: Allowing 2 CPUs, 0 hotplug CPUs
[    0.000000] PM: Registered nosave memory: [mem 0x00000000-0x00000fff]
[    0.000000] PM: Registered nosave memory: [mem 0x0009f000-0x0009ffff]
[    0.000000] PM: Registered nosave memory: [mem 0x000a0000-0x000effff]
[    0.000000] PM: Registered nosave memory: [mem 0x000f0000-0x000fffff]
[    0.000000] e820: [mem 0x80000000-0xfebfffff] available for PCI devices
[    0.000000] Booting paravirtualized kernel on KVM
[    0.000000] clocksource: refined-jiffies: mask: 0xffffffff max_cycles: 0xffffffff, max_idle_ns: 7645519600211568 ns
[    0.000000] random: get_random_bytes called from start_kernel+0x99/0x500 with crng_init=0
[    0.000000] setup_percpu: NR_CPUS:8192 nr_cpumask_bits:2 nr_cpu_ids:2 nr_node_ids:1
[    0.000000] percpu: Embedded 50 pages/cpu s167936 r8192 d28672 u1048576
[    0.000000] PV qspinlock hash table entries: 256 (order: 0, 4096 bytes)
[    0.000000] Built 1 zonelists, mobility grouping on.  Total pages: 515961
[    0.000000] Policy zone: DMA32
[    0.000000] Kernel command line: BOOT_IMAGE=/boot/vmlinuz-4.15.0-192-generic root=LABEL=cloudimg-rootfs ro console=tty1 console=ttyS0
[    0.000000] Memory: 2014840K/2096696K available (12300K kernel code, 2484K rwdata, 4324K rodata, 2468K init, 2724K bss, 81856K reserved, 0K cma-reserved)
[    0.000000] SLUB: HWalign=64, Order=0-3, MinObjects=0, CPUs=2, Nodes=1
[    0.000000] Kernel/User page tables isolation: enabled
[    0.000000] ftrace: allocating 39482 entries in 155 pages
[    0.004000] Hierarchical RCU implementation.
[    0.004000] 	RCU restricting CPUs from NR_CPUS=8192 to nr_cpu_ids=2.
[    0.004000] 	Tasks RCU enabled.
[    0.004000] RCU: Adjusting geometry for rcu_fanout_leaf=16, nr_cpu_ids=2
[    0.004000] NR_IRQS: 524544, nr_irqs: 440, preallocated irqs: 16
[    0.004000] Console: colour VGA+ 80x25
[    0.004000] console [tty1] enabled
[    0.004000] console [ttyS0] enabled
[    0.004000] ACPI: Core revision 20170831
[    0.004000] ACPI: 2 ACPI AML tables successfully acquired and loaded
[    0.004000] APIC: Switch to symmetric I/O mode setup
[    0.004000] x2apic enabled
[    0.004049] Switched APIC routing to physical x2apic.
[    0.008000] ..TIMER: vector=0x30 apic1=0 pin1=2 apic2=-1 pin2=-1
[    0.008008] tsc: Detected 2712.008 MHz processor
[    0.012015] Calibrating delay loop (skipped) preset value.. 5424.01 BogoMIPS (lpj=10848032)
[    0.016008] pid_max: default: 32768 minimum: 301
[    0.018441] Security Framework initialized
[    0.020008] Yama: becoming mindful.
[    0.022125] AppArmor: AppArmor initialized
[    0.024357] Dentry cache hash table entries: 262144 (order: 9, 2097152 bytes)
[    0.028183] Inode-cache hash table entries: 131072 (order: 8, 1048576 bytes)
[    0.032030] Mount-cache hash table entries: 4096 (order: 3, 32768 bytes)
[    0.034249] Mountpoint-cache hash table entries: 4096 (order: 3, 32768 bytes)
[    0.036321] Last level iTLB entries: 4KB 64, 2MB 8, 4MB 8
[    0.040007] Last level dTLB entries: 4KB 64, 2MB 0, 4MB 0, 1GB 4
[    0.041740] Spectre V1 : Mitigation: usercopy/swapgs barriers and __user pointer sanitization
[    0.044007] Spectre V2 : Mitigation: Retpolines
[    0.045698] Spectre V2 : Spectre v2 / SpectreRSB mitigation: Filling RSB on context switch
[    0.048005] Speculative Store Bypass: Vulnerable
[    0.049581] MDS: Mitigation: Clear CPU buffers
[    0.052005] MMIO Stale Data: Mitigation: Clear CPU buffers
[    0.054178] SRBDS: Unknown: Dependent on hypervisor status
[    0.056237] Freeing SMP alternatives memory: 36K
[    0.169487] smpboot: CPU0: Intel(R) Core(TM) i5-7200U CPU @ 2.50GHz (family: 0x6, model: 0x8e, stepping: 0x9)
[    0.172000] Performance Events: unsupported p6 CPU model 142 no PMU driver, software events only.
[    0.172054] Hierarchical SRCU implementation.
[    0.174299] NMI watchdog: Perf event create on CPU 0 failed with -2
[    0.176005] NMI watchdog: Perf NMI watchdog permanently disabled
[    0.177636] smp: Bringing up secondary CPUs ...
[    0.179008] x86: Booting SMP configuration:
[    0.180006] .... node  #0, CPUs:      #1
[    0.004000] kvm-clock: cpu 1, msr 0:7ff44041, secondary cpu clock
[    0.188000] smp: Brought up 1 node, 2 CPUs
[    0.188008] smpboot: Max logical packages: 1
[    0.189332] smpboot: Total of 2 processors activated (10848.03 BogoMIPS)
[    0.192170] devtmpfs: initialized
[    0.193054] x86/mm: Memory block size: 128MB
[    0.196351] evm: security.selinux
[    0.197311] evm: security.SMACK64
[    0.198254] evm: security.SMACK64EXEC
[    0.199378] evm: security.SMACK64TRANSMUTE
[    0.200009] evm: security.SMACK64MMAP
[    0.201394] evm: security.apparmor
[    0.202872] evm: security.ima
[    0.204005] evm: security.capability
[    0.205082] clocksource: jiffies: mask: 0xffffffff max_cycles: 0xffffffff, max_idle_ns: 7645041785100000 ns
[    0.208019] futex hash table entries: 512 (order: 3, 32768 bytes)
[    0.209642] pinctrl core: initialized pinctrl subsystem
[    0.212135] RTC time: 22:48:57, date: 11/03/22
[    0.213884] NET: Registered protocol family 16
[    0.215223] audit: initializing netlink subsys (disabled)
[    0.216049] audit: type=2000 audit(1667515742.121:1): state=initialized audit_enabled=0 res=1
[    0.218308] cpuidle: using governor ladder
[    0.218308] cpuidle: using governor menu
[    0.220075] ACPI: bus type PCI registered
[    0.221751] acpiphp: ACPI Hot Plug PCI Controller Driver version: 0.5
[    0.224154] PCI: Using configuration type 1 for base access
[    0.225681] HugeTLB registered 2.00 MiB page size, pre-allocated 0 pages
[    0.228098] ACPI: Added _OSI(Module Device)
[    0.229213] ACPI: Added _OSI(Processor Device)
[    0.232004] ACPI: Added _OSI(3.0 _SCP Extensions)
[    0.233215] ACPI: Added _OSI(Processor Aggregator Device)
[    0.234572] ACPI: Added _OSI(Linux-Dell-Video)
[    0.236006] ACPI: Added _OSI(Linux-Lenovo-NV-HDMI-Audio)
[    0.237328] ACPI: Added _OSI(Linux-HPI-Hybrid-Graphics)
[    0.239027] ACPI: Executed 1 blocks of module-level executable AML code
[    0.245594] ACPI: Interpreter enabled
[    0.246730] ACPI: (supports S0 S5)
[    0.247819] ACPI: Using IOAPIC for interrupt routing
[    0.248340] PCI: Using host bridge windows from ACPI; if necessary, use "pci=nocrs" and report a bug
[    0.252278] ACPI: Enabled 2 GPEs in block 00 to 07
[    0.272215] ACPI: PCI Root Bridge [PCI0] (domain 0000 [bus 00-ff])
[    0.275948] acpi PNP0A03:00: _OSC: OS supports [ASPM ClockPM Segments MSI]
[    0.277278] acpi PNP0A03:00: _OSC: not requesting OS control; OS requires [ExtendedConfig ASPM ClockPM MSI]
[    0.280034] acpi PNP0A03:00: fail to add MMCONFIG information, can't access extended PCI configuration space under this bridge.
[    0.284503] PCI host bridge to bus 0000:00
[    0.288014] pci_bus 0000:00: root bus resource [io  0x0000-0x0cf7 window]
[    0.292022] pci_bus 0000:00: root bus resource [io  0x0d00-0xffff window]
[    0.294575] pci_bus 0000:00: root bus resource [mem 0x000a0000-0x000bffff window]
[    0.296010] pci_bus 0000:00: root bus resource [mem 0x80000000-0xfdffffff window]
[    0.300010] pci_bus 0000:00: root bus resource [bus 00-ff]
[    0.308714] pci 0000:00:01.1: legacy IDE quirk: reg 0x10: [io  0x01f0-0x01f7]
[    0.311018] pci 0000:00:01.1: legacy IDE quirk: reg 0x14: [io  0x03f6]
[    0.312008] pci 0000:00:01.1: legacy IDE quirk: reg 0x18: [io  0x0170-0x0177]
[    0.315634] pci 0000:00:01.1: legacy IDE quirk: reg 0x1c: [io  0x0376]
[    0.362782] pci 0000:00:07.0: quirk: [io  0x4000-0x403f] claimed by PIIX4 ACPI
[    0.364036] pci 0000:00:07.0: quirk: [io  0x4100-0x410f] claimed by PIIX4 SMB
[    0.398300] ACPI: PCI Interrupt Link [LNKA] (IRQs 5 9 10 *11)
[    0.400624] ACPI: PCI Interrupt Link [LNKB] (IRQs 5 9 *10 11)
[    0.404257] ACPI: PCI Interrupt Link [LNKC] (IRQs 5 *9 10 11)
[    0.408287] ACPI: PCI Interrupt Link [LNKD] (IRQs 5 9 10 *11)
[    0.412614] SCSI subsystem initialized
[    0.413889] pci 0000:00:02.0: vgaarb: setting as boot VGA device
[    0.413889] pci 0000:00:02.0: vgaarb: VGA device added: decodes=io+mem,owns=io+mem,locks=none
[    0.416014] pci 0000:00:02.0: vgaarb: bridge control possible
[    0.420008] vgaarb: loaded
[    0.421876] ACPI: bus type USB registered
[    0.424062] usbcore: registered new interface driver usbfs
[    0.428053] usbcore: registered new interface driver hub
[    0.430104] usbcore: registered new device driver usb
[    0.432102] EDAC MC: Ver: 3.0.0
[    0.433602] PCI: Using ACPI for IRQ routing
[    0.436373] NetLabel: Initializing
[    0.438464] NetLabel:  domain hash size = 128
[    0.440008] NetLabel:  protocols = UNLABELED CIPSOv4 CALIPSO
[    0.444058] NetLabel:  unlabeled traffic allowed by default
[    0.448070] clocksource: Switched to clocksource kvm-clock
[    0.460412] VFS: Disk quotas dquot_6.6.0
[    0.466909] VFS: Dquot-cache hash table entries: 512 (order 0, 4096 bytes)
[    0.469450] AppArmor: AppArmor Filesystem Enabled
[    0.471001] pnp: PnP ACPI init
[    0.473537] pnp: PnP ACPI: found 3 devices
[    0.486221] clocksource: acpi_pm: mask: 0xffffff max_cycles: 0xffffff, max_idle_ns: 2085701024 ns
[    0.488701] NET: Registered protocol family 2
[    0.490001] IP idents hash table entries: 32768 (order: 6, 262144 bytes)
[    0.492277] TCP established hash table entries: 16384 (order: 5, 131072 bytes)
[    0.494233] TCP bind hash table entries: 16384 (order: 6, 262144 bytes)
[    0.496662] TCP: Hash tables configured (established 16384 bind 16384)
[    0.498389] UDP hash table entries: 1024 (order: 3, 32768 bytes)
[    0.499951] UDP-Lite hash table entries: 1024 (order: 3, 32768 bytes)
[    0.501644] NET: Registered protocol family 1
[    0.502866] pci 0000:00:00.0: Limiting direct PCI/PCI transfers
[    0.504375] pci 0000:00:01.0: Activating ISA DMA hang workarounds
[    0.505959] pci 0000:00:02.0: Video device with shadowed ROM at [mem 0x000c0000-0x000dffff]
[    0.508207] Unpacking initramfs...
[    0.827415] Freeing initrd memory: 19528K
[    0.828766] clocksource: tsc: mask: 0xffffffffffffffff max_cycles: 0x27178e04de3, max_idle_ns: 440795318971 ns
[    0.831467] platform rtc_cmos: registered platform RTC device (no PNP device found)
[    0.834290] Scanning for low memory corruption every 60 seconds
[    0.836500] Initialise system trusted keyrings
[    0.837920] Key type blacklist registered
[    0.839226] workingset: timestamp_bits=36 max_order=19 bucket_order=0
[    0.842874] zbud: loaded
[    0.845958] squashfs: version 4.0 (2009/01/31) Phillip Lougher
[    0.847841] fuse init (API version 7.26)
[    0.851299] Key type asymmetric registered
[    0.852466] Asymmetric key parser 'x509' registered
[    0.853807] Block layer SCSI generic (bsg) driver version 0.4 loaded (major 246)
[    0.855795] io scheduler noop registered
[    0.857064] io scheduler deadline registered
[    0.858617] io scheduler cfq registered (default)
[    0.860225] ACPI: AC Adapter [AC] (on-line)
[    0.861412] input: Power Button as /devices/LNXSYSTM:00/LNXPWRBN:00/input/input0
[    0.863393] ACPI: Power Button [PWRF]
[    0.864515] input: Sleep Button as /devices/LNXSYSTM:00/LNXSLPBN:00/input/input1
[    0.866471] ACPI: Sleep Button [SLPF]
[    0.868612] ACPI: Battery Slot [BAT0] (battery present)
[    0.870187] Serial: 8250/16550 driver, 32 ports, IRQ sharing enabled
[    0.892669] 00:02: ttyS0 at I/O 0x3f8 (irq = 4, base_baud = 115200) is a 16550A
[    0.897533] Linux agpgart interface v0.103
[    0.904224] loop: module loaded
[    0.905928] scsi host0: ata_piix
[    0.907162] scsi host1: ata_piix
[    0.908060] ata1: PATA max UDMA/33 cmd 0x1f0 ctl 0x3f6 bmdma 0xd000 irq 14
[    0.909659] ata2: PATA max UDMA/33 cmd 0x170 ctl 0x376 bmdma 0xd008 irq 15
[    0.911522] tun: Universal TUN/TAP device driver, 1.6
[    0.913429] PPP generic driver version 2.4.2
[    0.917250] ehci_hcd: USB 2.0 'Enhanced' Host Controller (EHCI) Driver
[    0.919520] ehci-pci: EHCI PCI platform driver
[    0.920594] ehci-platform: EHCI generic platform driver
[    0.921673] ohci_hcd: USB 1.1 'Open' Host Controller (OHCI) Driver
[    0.922890] ohci-pci: OHCI PCI platform driver
[    0.924265] ohci-platform: OHCI generic platform driver
[    0.925808] uhci_hcd: USB Universal Host Controller Interface driver
[    0.927369] i8042: PNP: PS/2 Controller [PNP0303:PS2K,PNP0f03:PS2M] at 0x60,0x64 irq 1,12
[    0.929984] serio: i8042 KBD port at 0x60,0x64 irq 1
[    0.934325] serio: i8042 AUX port at 0x60,0x64 irq 12
[    0.936723] mousedev: PS/2 mouse device common for all mice
[    0.938841] input: AT Translated Set 2 keyboard as /devices/platform/i8042/serio0/input/input2
[    0.940148] rtc_cmos rtc_cmos: rtc core: registered rtc_cmos as rtc0
[    0.943037] rtc_cmos rtc_cmos: alarms up to one day, 114 bytes nvram
[    0.944651] i2c /dev entries driver
[    0.945610] device-mapper: uevent: version 1.0.3
[    0.946834] device-mapper: ioctl: 4.37.0-ioctl (2017-09-20) initialised: dm-devel@redhat.com
[    0.952964] ledtrig-cpu: registered to indicate activity on CPUs
[    0.955142] NET: Registered protocol family 10
[    0.960862] Segment Routing with IPv6
[    0.961828] NET: Registered protocol family 17
[    0.963885] Key type dns_resolver registered
[    0.968105] mce: Using 0 MCE banks
[    0.969526] RAS: Correctable Errors collector initialized.
[    0.971696] sched_clock: Marking stable (968028183, 0)->(1468710822, -500682639)
[    0.973844] registered taskstats version 1
[    0.974896] Loading compiled-in X.509 certificates
[    0.978436] Loaded X.509 cert 'Build time autogenerated kernel key: af04d57e94487e4500da7630f19b69a59e91d95a'
[    0.986741] Loaded X.509 cert 'Canonical Ltd. Live Patch Signing: 14df34d1a87cf37625abec039ef2bf521249b969'
[    0.992712] Loaded X.509 cert 'Canonical Ltd. Kernel Module Signing: 88f752e560a1e0737e31163a466ad7b70a850c19'
[    0.995675] blacklist: Loading compiled-in revocation X.509 certificates
[    0.998872] Loaded X.509 cert 'Canonical Ltd. Secure Boot Signing: 61482aa2830d0ab2ad5af10b7250da9033ddcef0'
[    1.006793] zswap: loaded using pool lzo/zbud
[    1.023427] Key type big_key registered
[    1.024457] Key type trusted registered
[    1.027339] Key type encrypted registered
[    1.028354] AppArmor: AppArmor sha1 policy hashing enabled
[    1.029611] ima: No TPM chip found, activating TPM-bypass! (rc=-19)
[    1.038649] ima: Allocated hash algorithm: sha1
[    1.042118] evm: HMAC attrs: 0x1
[    1.043523]   Magic number: 14:378:855
[    1.044732] rtc_cmos rtc_cmos: setting system clock to 2022-11-03 22:48:58 UTC (1667515738)
[    1.046878] BIOS EDD facility v0.16 2004-Jun-25, 0 devices found
[    1.049491] EDD information not available.
[    1.097120] Freeing unused kernel image memory: 2468K
[    1.112176] Write protecting the kernel read-only data: 20480k
[    1.114986] Freeing unused kernel image memory: 2008K
[    1.118081] Freeing unused kernel image memory: 1820K
[    1.130764] x86/mm: Checked W+X mappings: passed, no W+X pages found.
[    1.133275] x86/mm: Checking user space page tables
[    1.148956] x86/mm: Checked W+X mappings: passed, no W+X pages found.
Loading, please wait...
starting version 237
[    1.247043] e1000: Intel(R) PRO/1000 Network Driver - version 7.3.21-k8-NAPI
[    1.254007] e1000: Copyright (c) 1999-2006 Intel Corporation.
[    1.264919] Fusion MPT base driver 3.04.20
[    1.267820] Copyright (c) 1999-2008 LSI Corporation
[    1.283110] Fusion MPT SPI Host driver 3.04.20
[    1.290640] AVX2 version of gcm_enc/dec engaged.
[    1.293152] AES CTR mode by8 optimization enabled
[    1.479774] input: ImExPS/2 Generic Explorer Mouse as /devices/platform/i8042/serio1/input/input4
[    1.723002] e1000 0000:00:03.0 eth0: (PCI:33MHz:32-bit) 02:a0:66:c7:c8:08
[    1.725816] e1000 0000:00:03.0 eth0: Intel(R) PRO/1000 Network Connection
[    1.729245] mptbase: ioc0: Initiating bringup
[    2.348601] ioc0: LSI53C1030 A0: Capabilities={Initiator}
[    4.724293] scsi host2: ioc0: LSI53C1030 A0, FwRev=00000000h, Ports=1, MaxQ=256, IRQ=20
[    5.863207] scsi 2:0:0:0: Direct-Access     VBOX     HARDDISK         1.0  PQ: 0 ANSI: 5
[    6.024038] scsi target2:0:0: Beginning Domain Validation
[    6.027377] scsi target2:0:0: Domain Validation skipping write tests
[    6.028983] scsi target2:0:0: Ending Domain Validation
[    6.030272] scsi target2:0:0: asynchronous
[    6.031878] scsi 2:0:1:0: Direct-Access     VBOX     HARDDISK         1.0  PQ: 0 ANSI: 5
[    6.240800] scsi target2:0:1: Beginning Domain Validation
[    6.244851] random: fast init done
[    6.246884] scsi target2:0:1: Domain Validation skipping write tests
[    6.248828] scsi target2:0:1: Ending Domain Validation
[    6.252407] scsi target2:0:1: asynchronous
[    6.261835] sd 2:0:0:0: Attached scsi generic sg0 type 0
[    6.264693] random: systemd-udevd: uninitialized urandom read (16 bytes read)
[    6.266763] sd 2:0:1:0: Attached scsi generic sg1 type 0
[    6.268299] random: systemd-udevd: uninitialized urandom read (16 bytes read)
[    6.271127] random: systemd-udevd: uninitialized urandom read (16 bytes read)
[    6.271138] sd 2:0:0:0: [sda] 83886080 512-byte logical blocks: (42.9 GB/40.0 GiB)
[    6.275630] e1000 0000:00:08.0 eth1: (PCI:33MHz:32-bit) 08:00:27:46:b7:0c
[    6.280619] e1000 0000:00:08.0 eth1: Intel(R) PRO/1000 Network Connection
[    6.282362] sd 2:0:0:0: [sda] Write Protect is off
[    6.284082] sd 2:0:1:0: [sdb] 20480 512-byte logical blocks: (10.5 MB/10.0 MiB)
[    6.286223] sd 2:0:1:0: [sdb] Write Protect is off
[    6.286231] sd 2:0:0:0: [sda] Incomplete mode parameter data
[    6.289375] sd 2:0:0:0: [sda] Assuming drive cache: write through
[    6.289721] sd 2:0:1:0: [sdb] Incomplete mode parameter data
[    6.294470] sd 2:0:1:0: [sdb] Assuming drive cache: write through
[    6.299152]  sda: sda1
[    6.302105] sd 2:0:1:0: [sdb] Attached SCSI disk
[    6.303914] sd 2:0:0:0: [sda] Attached SCSI disk
[    6.307082] e1000 0000:00:03.0 enp0s3: renamed from eth0
[    6.324600] e1000 0000:00:08.0 enp0s8: renamed from eth1
Begin: Loading essential drivers ... [    8.089227] raid6: sse2x1   gen()  9417 MB/s
[    8.136586] raid6: sse2x1   xor()  6442 MB/s
[    8.184914] raid6: sse2x2   gen() 11517 MB/s
[    8.232866] raid6: sse2x2   xor()  7594 MB/s
[    8.280115] raid6: sse2x4   gen() 13326 MB/s
[    8.331810] raid6: sse2x4   xor() 10202 MB/s
[    8.389473] raid6: avx2x1   gen() 25208 MB/s
[    8.436651] raid6: avx2x1   xor() 14670 MB/s
[    8.484477] raid6: avx2x2   gen() 24941 MB/s
[    8.532217] raid6: avx2x2   xor() 16171 MB/s
[    8.582769] raid6: avx2x4   gen() 31452 MB/s
[    8.643529] raid6: avx2x4   xor() 24610 MB/s
[    8.644734] raid6: using algorithm avx2x4 gen() 31452 MB/s
[    8.646168] raid6: .... xor() 24610 MB/s, rmw enabled
[    8.647494] raid6: using avx2x2 recovery algorithm
[    8.650103] xor: automatically using best checksumming function   avx       
[    8.653206] async_tx: api initialized (async)
done.
Begin: Running /scripts/init-premount ... done.
Begin: Mounting root file system ... Begin: Running /scripts/local-top ... done.
Begin: Running /scripts/local-premount ... [    8.706820] Btrfs loaded, crc32c=crc32c-intel
Scanning for Btrfs filesystems
done.
Warning: fsck not present, so skipping root file system
[    8.736188] EXT4-fs (sda1): mounted filesystem with ordered data mode. Opts: (null)
done.
Begin: Running /scripts/local-bottom ... done.
Begin: Running /scripts/init-bottom ... done.
[    8.895956] ip_tables: (C) 2000-2006 Netfilter Core Team
[    8.903298] systemd[1]: systemd 237 running in system mode. (+PAM +AUDIT +SELINUX +IMA +APPARMOR +SMACK +SYSVINIT +UTMP +LIBCRYPTSETUP +GCRYPT +GNUTLS +ACL +XZ +LZ4 +SECCOMP +BLKID +ELFUTILS +KMOD -IDN2 +IDN -PCRE2 default-hierarchy=hybrid)
[    8.908708] systemd[1]: Detected virtualization oracle.
[    8.910063] systemd[1]: Detected architecture x86-64.

Welcome to [1mUbuntu 18.04.6 LTS[0m!

[    8.917187] systemd[1]: Set hostname to <ubuntu>.
[    8.920126] systemd[1]: Initializing machine ID from random generator.
[    8.921831] systemd[1]: Installed transient /etc/machine-id file.
[    9.165516] systemd[1]: Created slice System Slice.
[[0;32m  OK  [0m] Created slice System Slice.
[    9.593607] systemd[1]: Created slice system-serial\x2dgetty.slice.
[[0;32m  OK  [0m] Created slice system-serial\x2dgetty.slice.
[    9.707874] systemd[1]: Listening on Network Service Netlink Socket.
[[0;32m  OK  [0m] Listening on Network Service Netlink Socket.
[    9.715662] systemd[1]: Listening on udev Kernel Socket.
[[0;32m  OK  [0m] Listening on udev Kernel Socket.
[[0;32m  OK  [0m] Listening on Device-mapper event daemon FIFOs.
[[0;32m  OK  [0m] Listening on LVM2 poll daemon socket.
[[0;32m  OK  [0m] Listening on udev Control Socket.
[[0;32m  OK  [0m] Reached target System Time Synchronized.
[[0;32m  OK  [0m] Reached target Swap.
[[0;32m  OK  [0m] Listening on Journal Audit Socket.
[[0;32m  OK  [0m] Listening on /dev/initctl Compatibility Named Pipe.
[[0;32m  OK  [0m] Listening on Journal Socket.
         Starting Uncomplicated firewall...
         Mounting Kernel Debug File System...
         Starting udev Coldplug all Devices...
         Mounting Huge Pages File System...
         Starting Set the console keyboard layout...
         Starting Create list of required stâ€¦ce nodes for the current kernel...
[[0;32m  OK  [0m] Started Forward Password Requests to Wall Directory Watch.
[[0;32m  OK  [0m] Listening on Journal Socket (/dev/log).
[[0;32m  OK  [0m] Created slice User and Session Slice.
[[0;32m  OK  [0m] Reached target Slices.
[[0;32m  OK  [0m] Listening on fsck to fsckd communication Socket.
         Starting File System Check on Root Device...
[[0;32m  OK  [0m] Listening on LVM2 metadata daemon socket.
         Starting Monitoring of LVM2 mirrorsâ€¦ng dmeventd or progress polling...
[[0;32m  OK  [0m] Listening on Syslog Socket.
         Starting Journal Service...
[[0;32m  OK  [0m] Set up automount Arbitrary Executabâ€¦rmats File System Automount Point.
         Starting Load Kernel Modules...
         Mounting POSIX Message Queue File System...
[[0;32m  OK  [0m] Reached target User and Group Name Lookups.
[[0;32m  OK  [0m] Started Uncomplicated firewall.
[[0;32m  OK  [0m] Mounted Kernel Debug File System.
[[0;32m  OK  [0m] Mounted Huge Pages File System.
[[0;32m  OK  [0m] Started Create list of required staâ€¦vice nodes for the current kernel.
[[0;32m  OK  [0m] Mounted POSIX Message Queue File System.
[[0;32m  OK  [0m] Started File System Check Daemon to report status.
         Starting Create Static Device Nodes in /dev...
[[0;32m  OK  [0m] Started LVM2 metadata daemon.
[[0;32m  OK  [0m] Started udev Coldplug all Devices.
[[0;32m  OK  [0m] Started Journal Service.
[[0;32m  OK  [0m] Started Create Static Device Nodes in /dev.
[   10.182303] Loading iSCSI transport class v2.0-870.
[   10.189409] iscsi: registered transport (tcp)
[   10.210160] iscsi: registered transport (iser)
[[0;32m  OK  [0m] Started Load Kernel Modules.
         Starting Apply Kernel Variables...
         Mounting FUSE Control File System...
         Mounting Kernel Configuration File System...
[[0;32m  OK  [0m] Started File System Check on Root Device.
[[0;32m  OK  [0m] Mounted FUSE Control File System.
[[0;32m  OK  [0m] Mounted Kernel Configuration File System.
         Starting Remount Root and Kernel File Systems...
[[0;32m  OK  [0m] Started Monitoring of LVM2 mirrors,â€¦sing dmeventd or progress polling.
[[0;32m  OK  [0m] Started Remount Root and Kernel File Systems.
         Starting Flush Journal to Persistent Storage...
         Starting Load/Save Random Seed...
         Starting udev Kernel Device Manager...
[[0;32m  OK  [0m] Started Apply Kernel Variables.
[[0;32m  OK  [0m] Started udev Kernel Device Manager.
[[0;32m  OK  [0m] Started Load/Save Random Seed.
[[0;32m  OK  [0m] Started Flush Journal to Persistent Storage.
[[0;32m  OK  [0m] Found device /dev/ttyS0.
[[0;32m  OK  [0m] Listening on Load/Save RF Kill Switch Status /dev/rfkill Watch.
[[0;32m  OK  [0m] Started Set the console keyboard layout.
[[0;32m  OK  [0m] Started Dispatch Password Requests to Console Directory Watch.
[[0;32m  OK  [0m] Reached target Local Encrypted Volumes.
[[0;32m  OK  [0m] Reached target Local File Systems (Pre).
[[0;32m  OK  [0m] Reached target Local File Systems.
         Starting ebtables ruleset management...
         Starting Tell Plymouth To Write Out Runtime Data...
         Starting Commit a transient machine-id on disk...
         Starting Set console font and keymap...
         Starting AppArmor initialization...
         Starting Create Volatile Files and Directories...
[[0;32m  OK  [0m] Started Tell Plymouth To Write Out Runtime Data.
[[0;32m  OK  [0m] Started Create Volatile Files and Directories.
         Starting Update UTMP about System Boot/Shutdown...
[[0;32m  OK  [0m] Started Update UTMP about System Boot/Shutdown.
[[0;32m  OK  [0m] Started ebtables ruleset management.
[[0;32m  OK  [0m] Started Commit a transient machine-id on disk.
[[0;32m  OK  [0m] Started Set console font and keymap.
[[0;32m  OK  [0m] Started AppArmor initialization.
         Starting Load AppArmor profiles managed internally by snapd...
         Starting Initial cloud-init job (pre-networking)...
[[0;32m  OK  [0m] Started Load AppArmor profiles managed internally by snapd.
[   18.098971] cloud-init[850]: Cloud-init v. 22.2-0ubuntu1~18.04.3 running 'init-local' at Thu, 03 Nov 2022 22:49:14 +0000. Up 17.29 seconds.
[[0;32m  OK  [0m] Started Initial cloud-init job (pre-networking).
[[0;32m  OK  [0m] Reached target Network (Pre).
         Starting Network Service...
[[0;32m  OK  [0m] Started Network Service.
         Starting Network Name Resolution...
         Starting Wait for Network to be Configured...
[[0;32m  OK  [0m] Started Network Name Resolution.
[[0;32m  OK  [0m] Reached target Host and Network Name Lookups.
[[0;32m  OK  [0m] Reached target Network.
[[0;32m  OK  [0m] Started Wait for Network to be Configured.
         Starting Initial cloud-init job (metadata service crawler)...
[   21.567187] cloud-init[935]: Cloud-init v. 22.2-0ubuntu1~18.04.3 running 'init' at Thu, 03 Nov 2022 22:49:18 +0000. Up 21.28 seconds.
[   21.569074] cloud-init[935]: ci-info: ++++++++++++++++++++++++++++++++++++++Net device info+++++++++++++++++++++++++++++++++++++++
[   21.571382] cloud-init[935]: ci-info: +--------+-------+----------------------------+---------------+--------+-------------------+
[   21.573624] cloud-init[935]: ci-info: | Device |   Up  |          Address           |      Mask     | Scope  |     Hw-Address    |
[   21.575691] cloud-init[935]: ci-info: +--------+-------+----------------------------+---------------+--------+-------------------+
[   21.578348] cloud-init[935]: ci-info: | enp0s3 |  True |         10.0.2.15          | 255.255.255.0 | global | 02:a0:66:c7:c8:08 |
[   21.580390] cloud-init[935]: ci-info: | enp0s3 |  True | fe80::a0:66ff:fec7:c808/64 |       .       |  link  | 02:a0:66:c7:c8:08 |
[   21.584211] cloud-init[935]: ci-info: | enp0s8 | False |             .              |       .       |   .    | 08:00:27:46:b7:0c |
[   21.586292] cloud-init[935]: ci-info: |   lo   |  True |         127.0.0.1          |   255.0.0.0   |  host  |         .         |
[   21.588711] cloud-init[935]: ci-info: |   lo   |  True |          ::1/128           |       .       |  host  |         .         |
[   21.590841] cloud-init[935]: ci-info: +--------+-------+----------------------------+---------------+--------+-------------------+
[   21.593022] cloud-init[935]: ci-info: ++++++++++++++++++++++++++++Route IPv4 info+++++++++++++++++++++++++++++
[   21.594939] cloud-init[935]: ci-info: +-------+-------------+----------+-----------------+-----------+-------+
[   21.597621] cloud-init[935]: ci-info: | Route | Destination | Gateway  |     Genmask     | Interface | Flags |
[   21.600120] cloud-init[935]: ci-info: +-------+-------------+----------+-----------------+-----------+-------+
[   21.602001] cloud-init[935]: ci-info: |   0   |   0.0.0.0   | 10.0.2.2 |     0.0.0.0     |   enp0s3  |   UG  |
[   21.604316] cloud-init[935]: ci-info: |   1   |   10.0.2.0  | 0.0.0.0  |  255.255.255.0  |   enp0s3  |   U   |
[   21.606125] cloud-init[935]: ci-info: |   2   |   10.0.2.2  | 0.0.0.0  | 255.255.255.255 |   enp0s3  |   UH  |
[   21.607955] cloud-init[935]: ci-info: +-------+-------------+----------+-----------------+-----------+-------+
[   21.609864] cloud-init[935]: ci-info: +++++++++++++++++++Route IPv6 info+++++++++++++++++++
[   21.613020] cloud-init[935]: ci-info: +-------+-------------+---------+-----------+-------+
[   21.614655] cloud-init[935]: ci-info: | Route | Destination | Gateway | Interface | Flags |
[   21.616465] cloud-init[935]: ci-info: +-------+-------------+---------+-----------+-------+
[   21.618086] cloud-init[935]: ci-info: |   1   |  fe80::/64  |    ::   |   enp0s3  |   U   |
[   21.619712] cloud-init[935]: ci-info: |   3   |    local    |    ::   |   enp0s3  |   U   |
[   21.622460] cloud-init[935]: ci-info: |   4   |   ff00::/8  |    ::   |   enp0s3  |   U   |
[   21.628131] cloud-init[935]: ci-info: +-------+-------------+---------+-----------+-------+
[   22.513889] cloud-init[935]: Generating public/private rsa key pair.
[   22.518807] cloud-init[935]: Your identification has been saved in /etc/ssh/ssh_host_rsa_key.
[   22.524556] cloud-init[935]: Your public key has been saved in /etc/ssh/ssh_host_rsa_key.pub.
[   22.529848] cloud-init[935]: The key fingerprint is:
[   22.533308] cloud-init[935]: SHA256:0tp8K3JKByZUj9vjZBTDPvfpW2AeGED5WIEuc3Mr4Ao root@ubuntu-bionic
[   22.538670] cloud-init[935]: The key's randomart image is:
[   22.542526] cloud-init[935]: +---[RSA 2048]----+
[   22.547236] cloud-init[935]: |      .o=o..     |
[   22.553787] cloud-init[935]: |     . o++.      |
[   22.557052] cloud-init[935]: |    . .oo+.      |
[   22.559469] cloud-init[935]: |   .  +=B +o     |
[   22.562046] cloud-init[935]: |    ..==S=.o+.   |
[   22.564820] cloud-init[935]: |  E  o.X...ooo   |
[   22.567474] cloud-init[935]: |   . .o =.... .  |
[   22.570356] cloud-init[935]: |    ....o. ...   |
[   22.573840] cloud-init[935]: |      .+ .. ..   |
[   22.576987] cloud-init[935]: +----[SHA256]-----+
[   22.580166] cloud-init[935]: Generating public/private dsa key pair.
[   22.584022] cloud-init[935]: Your identification has been saved in /etc/ssh/ssh_host_dsa_key.
[   22.588819] cloud-init[935]: Your public key has been saved in /etc/ssh/ssh_host_dsa_key.pub.
[   22.594009] cloud-init[935]: The key fingerprint is:
[   22.597433] cloud-init[935]: SHA256:qRT+t78KuAtJrIfMN6uDpzQOmS8dQwj4rimZ97kFnDs root@ubuntu-bionic
[   22.604923] cloud-init[935]: The key's randomart image is:
[[   22.610240] cloud-init[935]: +---[DSA 1024]----+
[   22.610439] cloud-init[935]: |.                |
[   22.614459] cloud-init[935]: |o                |
[   22.615789] cloud-init[935]: |.o    .          |
[   22.621473] cloud-init[935]: |. oo o . .       |
[   22.621569] cloud-init[935]: | o  * o S        |
[   22.621632] cloud-init[935]: | =++ = +         |
[   22.621694] cloud-init[935]: |+X=oE + o .      |
[   22.621760] cloud-init[935]: |%.*o B . o .     |
[   22.621826] cloud-init[935]: |o*o+=.o.  ooo.   |
[   22.621890] cloud-init[935]: +----[SHA256]-----+
[   22.621962] cloud-init[935]: Generating public/private ecdsa key pair.
[   22.622031] cloud-init[935]: Your identification has been saved in /etc/ssh/ssh_host_ecdsa_key.
[   22.622098] cloud-init[935]: Your public key has been saved in /etc/ssh/ssh_host_ecdsa_key.pub.
[   22.622167] cloud-init[935]: The key fingerprint is:
[   22.622235] cloud-init[935]: SHA256:9HnvN/xtyPl/kNwiBAgI+dU+wIfVT1MdMGyBr58VV30 root@ubuntu-bionic
[   22.622296] cloud-init[935]: The key's randomart image is:
[0;32m  OK  [0m] Started Initial cloud-init job (metadata service crawler).
[[0;32m  OK  [0m] Reached target Cloud-config availability.
[   22.622880] cloud-init[935]: +---[ECDSA 256]---+
[   22.644341] cloud-init[935]: |  .o o.=.o  o=+oo|
[   22.645192] cloud-init[935]: |  . . = + o.oo. E|
[   22.646403] cloud-init[935]: |   . . +.  +o.  o|
[   22.647216] cloud-init[935]: |    .  .o. .o. ..|
[   22.650204] cloud-init[935]: |        S.o.o. oo|
[[0;32m  OK  [0m[   22.653125] cloud-init[935]: |           o..=..|
[   22.653999] cloud-init[935]: |            .o== |
] Reached target System Initialization.
[   22.658921] cloud-init[935]: |             ++o=|
[   22.660127] cloud-init[935]: |              .+X|
[   22.663246] cloud-init[935]: +----[SHA256]-----+
         Starting LXD - unix socket.
[[0;32m  OK  [0m] Started Discard unused blocks once a week.
[   22.670365] cloud-init[935]: Generating public/private ed25519 key pair.
[   22.674679] cloud-init[935]: Your identification has been saved in /etc/ssh/ssh_host_ed25519_key.[[0;32m  OK  [0m] Started Daily Cleanup of Temporary Directories.
[[0;32m  OK  [0m] Started Ubuntu Advantage Timer for running repeated jobs.
[[0;32m  OK  [0m] Listening on Open-iSCSI iscsid Socket.
[[0;32m  OK  [0m] Listening on D-Bus System Message Bus Socket.
[   22.686029] cloud-init[935]: Your public key has been saved in /etc/ssh/ssh_host_ed25519_key.pub.
[   22.688917] cloud-init[935]: The key fingerprint is:
[   22.690646] cloud-init[935]: SHA256:1VR1g6Glm8sOT2T7+t9WxdPj/KtkjdUYnU5gqdnguxA root@ubuntu-bionic
[[0;32m  OK  [0m] Started Message of the Day.
[[0;32m  OK  [0m] Listening on cloud-init hotplug hook socket.

[[0;32m  OK  [0m] Started ACPI Events Check.
         Starting Socket activation for snappy daemon.
[[0;32m  OK  [0m] Started Daily apt download activities.
[[0;32m  OK  [0m] Started Daily apt upgrade and clean activities.
[[0;32m  OK  [0m] Reached target Timers.
[[0;32m  OK  [0m] Listening on ACPID Listen Socket.
[[0;32m  OK  [0m] Reached target Paths.
[[0;32m  OK  [0m] Listening on UUID daemon activation socket.
[[0;32m  OK  [0m] Reached target Network is Online.
[   22.708290] cloud-init[935]: The key's randomart image is:
[   22.709388] cloud-init[935]: +--[ED25519 256]--+
[   22.710535] cloud-init[935]: |            .*=oo|
[   22.712850] cloud-init[935]: |           +=o..+|
[   22.714037] cloud-init[935]: |          oo* .+o|
[[0;32m  OK  [0m[   22.714476] cloud-init[935]: |         E +o.o==|
] Reached target Remote File Systems (Pre).
[   22.717547] cloud-init[935]: |        S .=. +o=|
[[0;32m  OK  [0m] Reached target Remote File Systems.
[   22.719107] cloud-init[935]: |         .+.o +o.|
[   22.720155] cloud-init[935]: |         ..=.+ .o|
         Starting Availability of block devices...
[   22.721548] cloud-init[935]: |          =.+   +|
[[0;32m  OK  [0m] Listening on LXD - unix socket.
[   22.728546] cloud-init[935]: |           +o+o+o|
[[0;32m  OK  [0m] [   22.729740] cloud-init[935]: +----[SHA256]-----+
Listening on Socket activation for snappy daemon.
[[0;32m  OK  [0m] Started Availability of block devices.
[[0;32m  OK  [0m] Reached target Sockets.
[[0;32m  OK  [0m] Reached target Basic System.
         Starting LXD - container startup/shutdown...
         Starting LSB: Record successful boot for GRUB...
         Starting Pollinate to seed the pseudo random number generator...
[[0;32m  OK  [0m] Started irqbalance daemon.
         Starting Dispatcher daemon for systemd-networkd...
         Starting System Logging Service...
         Starting Accounts Service...
[[0;32m  OK  [0m] Started Deferred execution scheduler.
         Starting Login Service...
         Starting Snap Daemon...
         Starting LSB: automatic crash report generation...
         Starting Permit User Sessions...
         Starting Virtualbox guest utils...
[[0;32m  OK  [0m] Started FUSE filesystem for LXC.
[[0;32m  OK  [0m] Started D-Bus System Message Bus.
[[0;32m  OK  [0m] Started Login Service.
[[0;32m  OK  [0m] Started Unattended Upgrades Shutdown.
[[0;32m  OK  [0m] Started Regular background program processing daemon.
[[0;32m  OK  [0m] Started System Logging Service.
[[0;32m  OK  [0m] Started LXD - container startup/shutdown.
[[0;32m  OK  [0m] Started Permit User Sessions.
         Starting Hold until boot process finishes up...
         Starting Terminate Plymouth Boot Screen...
[[0;32m  OK  [0m] Started Hold until boot process finishes up.
[[0;32m  OK  [0m] Started Terminate Plymouth Boot Screen.
         Starting Authorization Manager...
         Starting Set console scheme...
[[0;32m  OK  [0m] Started Serial Getty on ttyS0.
[[0;32m  OK  [0m] Started LSB: automatic crash report generation.
[[0;32m  OK  [0m] Started Set console scheme.
[[0;32m  OK  [0m] Created slice system-getty.slice.
[[0;32m  OK  [0m] Started Getty on tty1.
[[0;32m  OK  [0m] Reached target Login Prompts.
[[0;32m  OK  [0m] Started LSB: Record successful boot for GRUB.
[[0;32m  OK  [0m] Started Authorization Manager.
[[0;32m  OK  [0m] Started Accounts Service.
[[0;32m  OK  [0m] Started Virtualbox guest utils.
[[0;32m  OK  [0m] Started Dispatcher daemon for systemd-networkd.
[[0;32m  OK  [0m] Started Snap Daemon.
         Starting Wait until snapd is fully seeded...
         Starting Time & Date Service...
[[0;32m  OK  [0m] Started Time & Date Service.
[[0;32m  OK  [0m] Started Pollinate to seed the pseudo random number generator.
         Starting OpenBSD Secure Shell server...
[[0;32m  OK  [0m] Started OpenBSD Secure Shell server.
[[0;32m  OK  [0m] Started Wait until snapd is fully seeded.
         Starting Apply the settings specified in cloud-config...
[[0;32m  OK  [0m] Created slice User Slice of vagrant.
         Starting User Manager for UID 1000...
[[0;32m  OK  [0m] Started Session 1 of user vagrant.
[[0;32m  OK  [0m] Started User Manager for UID 1000.
[   29.766179] cloud-init[1389]: Cloud-init v. 22.2-0ubuntu1~18.04.3 running 'modules:config' at Thu, 03 Nov 2022 22:49:25 +0000. Up 28.36 seconds.

Ubuntu 18.04.6 LTS ubuntu-bionic ttyS0

ubuntu-bionic login: ci-info: no authorized SSH keys fingerprints found for user ubuntu.
<14>Nov  3 22:49:28 cloud-init: #############################################################
<14>Nov  3 22:49:28 cloud-init: -----BEGIN SSH HOST KEY FINGERPRINTS-----
<14>Nov  3 22:49:28 cloud-init: 1024 SHA256:qRT+t78KuAtJrIfMN6uDpzQOmS8dQwj4rimZ97kFnDs root@ubuntu-bionic (DSA)
<14>Nov  3 22:49:28 cloud-init: 256 SHA256:9HnvN/xtyPl/kNwiBAgI+dU+wIfVT1MdMGyBr58VV30 root@ubuntu-bionic (ECDSA)
<14>Nov  3 22:49:28 cloud-init: 256 SHA256:1VR1g6Glm8sOT2T7+t9WxdPj/KtkjdUYnU5gqdnguxA root@ubuntu-bionic (ED25519)
<14>Nov  3 22:49:28 cloud-init: 2048 SHA256:0tp8K3JKByZUj9vjZBTDPvfpW2AeGED5WIEuc3Mr4Ao root@ubuntu-bionic (RSA)
<14>Nov  3 22:49:28 cloud-init: -----END SSH HOST KEY FINGERPRINTS-----
<14>Nov  3 22:49:28 cloud-init: #############################################################
-----BEGIN SSH HOST KEY KEYS-----
ecdsa-sha2-nistp256 AAAAE2VjZHNhLXNoYTItbmlzdHAyNTYAAAAIbmlzdHAyNTYAAABBBHRGqATPZ8t4Rb6p17RDkhqe8sIMfLmY3lHEjKdQfdbh9GvzmgirbB60TB5WNh4S+/x9zgA+86EXUyF3s9uKRS8= root@ubuntu-bionic
ssh-ed25519 AAAAC3NzaC1lZDI1NTE5AAAAIL95XqUFKstKB4Y6aNfVw1zajTgQm5C569SQMUhw67un root@ubuntu-bionic
ssh-rsa AAAAB3NzaC1yc2EAAAADAQABAAABAQDrgjbIiroIinR9PVMFnvmBgXBE00ppufNWgxVSzbM34g5BugZUjwvCvsuoMC3zTTGtn1LowUqNXlVRZhZWbVRuTSwkOOfupMZ3nCRux6l386FMa7bKCZzMVaU1MVSQKqkvzKIRWRzbySv8+CPgYq8R+qpnw1e+XHP1bBwOvvIar+e9KEks+ryNJVbPbbXliB3Jnyuf5HF4H0JiSpZG30Z07nsmKDQ1USMNFMMVRD6MUu0BcOTEojGKQlUl5hDgmywwlmRx4zvkSlRck5Eb9t+bz7Zr88eyi+Hc69mDqhcnX1DF/JLEpoc2gB1fHIBPod23BrYK+Vigh6ZAqKzUYd7L root@ubuntu-bionic
-----END SSH HOST KEY KEYS-----
[   31.191361] cloud-init[1571]: Cloud-init v. 22.2-0ubuntu1~18.04.3 running 'modules:final' at Thu, 03 Nov 2022 22:49:28 +0000. Up 30.88 seconds.
[   31.192806] cloud-init[1571]: Cloud-init v. 22.2-0ubuntu1~18.04.3 finished at Thu, 03 Nov 2022 22:49:28 +0000. Datasource DataSourceNoCloud [seed=/dev/sdb][dsmode=net].  Up 31.17 seconds
